// Jest Snapshot v1, https://goo.gl/fbAQLP

exports[`ProductList should match the snapshot 1`] = `
<div
  class="sc-hLBbgP cMINNu"
>
  Loading... Please wait
</div>
`;
